[?1049h[1;24r(B[m[4l[?7h[H[2JEvery 5.0s: echo good[1;57HWed Oct 21 18:52:33 2015[3;1Hgood[24;80H[24;1H[?1049l[?1l>[?1049h[1;24r(B[m[4l[?7h[H[2JEvery 5.0s: echo good[1;57HWed Oct 21 18:52:39 2015[3;1Hgood[24;80H[24;1H[?1049l[?1l>good
good
